#
# A fatal error has been detected by the Java Runtime Environment:
#
#  EXCEPTION_ACCESS_VIOLATION (0xc0000005) at pc=0x00007ff9d2fa1c88, pid=23900, tid=7280
#
# JRE version: Java(TM) SE Runtime Environment (19.0.2+7) (build 19.0.2+7-44)
# Java VM: Java HotSpot(TM) 64-Bit Server VM (19.0.2+7-44, mixed mode, sharing, tiered, compressed oops, compressed class ptrs, g1 gc, windows-amd64)
# Problematic frame:
# C  [owe-client-x64.dll+0x391c88]
#
# No core dump will be written. Minidumps are not enabled by default on client versions of Windows
#
# If you would like to submit a bug report, please visit:
#   https://bugreport.java.com/bugreport/crash.jsp
#

---------------  S U M M A R Y ------------

Command Line: -Djava.library.path=C:\Users\Chris Combs\Desktop\OpencraftClient1\natives -Dfile.encoding=UTF-8 -XX:+ShowCodeDetailsInExceptionMessages opencraft.Main

Host: 12th Gen Intel(R) Core(TM) i9-12900KF, 24 cores, 127G,  Windows 11 , 64 bit Build 22621 (10.0.22621.3958)
Time: Sat Sep 28 21:49:23 2024 Pacific Daylight Time elapsed time: 3.846691 seconds (0d 0h 0m 3s)

---------------  T H R E A D  ---------------

Current thread (0x000001b8d38d9cb0):  VMThread "VM Thread" [stack: 0x0000009659000000,0x0000009659100000] [id=7280]

Stack: [0x0000009659000000,0x0000009659100000],  sp=0x00000096590ff2e8,  free space=1020k
Native frames: (J=compiled Java code, j=interpreted, Vv=VM code, C=native code)
C  [owe-client-x64.dll+0x391c88]


siginfo: EXCEPTION_ACCESS_VIOLATION (0xc0000005), data execution prevention violation at address 0x00007ff9d2fa1c88


Registers:
RAX=0x00007ff9d2f4f5d8, RBX=0x0000000000000000, RCX=0x000001b8c25c5050, RDX=0x00007ff9d3009990
RSP=0x00000096590ff2e8, RBP=0x00000096590ff7b0, RSI=0x0000000000000001, RDI=0x0000000000000001
R8 =0x00007ff9a3778ef0, R9 =0x000001b8f9e5b4c0, R10=0x00007ffa478d6f80, R11=0x000001b8f9e5b420
R12=0x00007ff9a36a3110, R13=0x00007ff9d41b72a0, R14=0x00007ff9a36a0000, R15=0x0000000000000001
RIP=0x00007ff9d2fa1c88, EFLAGS=0x0000000000010206


Register to memory mapping:

RIP=0x00007ff9d2fa1c88 owe-client-x64.dll
RAX=0x00007ff9d2f4f5d8 owe-client-x64.dll
RBX=0x0 is NULL
RCX=0x000001b8c25c5050 points into unknown readable memory: 0x00007ff9d2f4f5d8 | d8 f5 f4 d2 f9 7f 00 00
RDX=0x00007ff9d3009990 owe-client-x64.dll
RSP=0x00000096590ff2e8 points into unknown readable memory: 0x00007ff9d2cb8f19 | 19 8f cb d2 f9 7f 00 00
RBP=0x00000096590ff7b0 points into unknown readable memory: 0x00000096590ff8f9 | f9 f8 0f 59 96 00 00 00
RSI=0x0000000000000001 is an unknown value
RDI=0x0000000000000001 is an unknown value
R8 =0x00007ff9a3778ef0 OPENGL32.dll
R9 =0x000001b8f9e5b4c0 points into unknown readable memory: 0x0000000000000000 | 00 00 00 00 00 00 00 00
R10=0x00007ffa478d6f80 ntdll.dll
R11=0x000001b8f9e5b420 points into unknown readable memory: 0x000001b8f9e5b530 | 30 b5 e5 f9 b8 01 00 00
R12=0x00007ff9a36a3110 OPENGL32.dll
R13=0x00007ff9d41b72a0 jvm.dll
R14=0x00007ff9a36a0000 OPENGL32.dll
R15=0x0000000000000001 is an unknown value


Top of Stack: (sp=0x00000096590ff2e8)
0x00000096590ff2e8:   00007ff9d2cb8f19 00007ff9d3011138
0x00000096590ff2f8:   00007ff9d3009990 0000000000000000
0x00000096590ff308:   00007ffa4778c350 0000000000000000
0x00000096590ff318:   00007ff9d2cb9357 000001b8c25c5050
0x00000096590ff328:   00007ff9d3009990 000001b8f9e5b420
0x00000096590ff338:   00007ffa4777fecd 0000000000000001
0x00000096590ff348:   000001b8c25c5050 00007ff4b6ee0000
0x00000096590ff358:   000001b8c2475160 000001b8c23b3e20
0x00000096590ff368:   0000000000000001 0000000000000001
0x00000096590ff378:   00007ff9a37b100a 0000000000010000
0x00000096590ff388:   000001b8d37af14a 0000000000000001
0x00000096590ff398:   00007ff9a36a0000 0000000000000001
0x00000096590ff3a8:   00007ff9a36a88fd 0000000000000000
0x00000096590ff3b8:   00000096590ff7b0 0000000000000001
0x00000096590ff3c8:   00007ffa4778aff1 0000000000000000
0x00000096590ff3d8:   00007ff9a36a3259 0000000000000001 

Instructions: (pc=0x00007ff9d2fa1c88)
0x00007ff9d2fa1b88:   00 00 00 00 00 00 00 00 00 00 00 00 00 00 00 00
0x00007ff9d2fa1b98:   50 2d 3f 00 01 00 00 00 00 00 00 00 ff ff ff ff
0x00007ff9d2fa1ba8:   00 00 00 00 40 00 00 00 68 1b 39 00 00 00 00 00
0x00007ff9d2fa1bb8:   00 00 00 00 00 00 00 00 00 00 00 00 00 00 00 00
0x00007ff9d2fa1bc8:   01 00 00 00 d8 1b 39 00 00 00 00 00 00 00 00 00
0x00007ff9d2fa1bd8:   e8 1b 39 00 00 00 00 00 00 00 00 00 00 00 00 00
0x00007ff9d2fa1be8:   f8 2d 3f 00 00 00 00 00 00 00 00 00 ff ff ff ff
0x00007ff9d2fa1bf8:   00 00 00 00 40 00 00 00 c0 1b 39 00 00 00 00 00
0x00007ff9d2fa1c08:   00 00 00 00 00 00 00 00 01 00 00 00 00 00 00 00
0x00007ff9d2fa1c18:   00 00 00 00 28 2e 3f 00 38 1c 39 00 10 1c 39 00
0x00007ff9d2fa1c28:   00 00 00 00 00 00 00 00 00 00 00 00 00 00 00 00
0x00007ff9d2fa1c38:   00 00 00 00 00 00 00 00 01 00 00 00 50 1c 39 00
0x00007ff9d2fa1c48:   00 00 00 00 00 00 00 00 60 1c 39 00 00 00 00 00
0x00007ff9d2fa1c58:   00 00 00 00 00 00 00 00 28 2e 3f 00 00 00 00 00
0x00007ff9d2fa1c68:   00 00 00 00 ff ff ff ff 00 00 00 00 40 00 00 00
0x00007ff9d2fa1c78:   38 1c 39 00 00 00 00 00 00 00 00 00 00 00 00 00
0x00007ff9d2fa1c88:   01 00 00 00 00 00 00 00 00 00 00 00 50 2e 3f 00
0x00007ff9d2fa1c98:   b0 1c 39 00 88 1c 39 00 00 00 00 00 00 00 00 00
0x00007ff9d2fa1ca8:   00 00 00 00 00 00 00 00 00 00 00 00 01 00 00 00
0x00007ff9d2fa1cb8:   03 00 00 00 c8 1c 39 00 00 00 00 00 00 00 00 00
0x00007ff9d2fa1cc8:   e8 1c 39 00 60 1c 39 00 10 1d 39 00 00 00 00 00
0x00007ff9d2fa1cd8:   00 00 00 00 00 00 00 00 00 00 00 00 00 00 00 00
0x00007ff9d2fa1ce8:   50 2e 3f 00 02 00 00 00 00 00 00 00 ff ff ff ff
0x00007ff9d2fa1cf8:   00 00 00 00 40 00 00 00 b0 1c 39 00 00 00 00 00
0x00007ff9d2fa1d08:   00 00 00 00 00 00 00 00 70 2e 3f 00 00 00 00 00
0x00007ff9d2fa1d18:   10 00 00 00 ff ff ff ff 00 00 00 00 40 00 00 00
0x00007ff9d2fa1d28:   38 1d 39 00 00 00 00 00 00 00 00 00 00 00 00 00
0x00007ff9d2fa1d38:   00 00 00 00 00 00 00 00 01 00 00 00 50 1d 39 00
0x00007ff9d2fa1d48:   00 00 00 00 00 00 00 00 60 1d 39 00 00 00 00 00
0x00007ff9d2fa1d58:   00 00 00 00 00 00 00 00 70 2e 3f 00 00 00 00 00
0x00007ff9d2fa1d68:   00 00 00 00 ff ff ff ff 00 00 00 00 40 00 00 00
0x00007ff9d2fa1d78:   38 1d 39 00 00 00 00 00 00 00 00 00 00 00 00 00 


Stack slot to memory mapping:
stack at sp + 0 slots: 0x00007ff9d2cb8f19 owe-client-x64.dll
stack at sp + 1 slots: 0x00007ff9d3011138 owe-client-x64.dll
stack at sp + 2 slots: 0x00007ff9d3009990 owe-client-x64.dll
stack at sp + 3 slots: 0x0 is NULL
stack at sp + 4 slots: 0x00007ffa4778c350 ntdll.dll
stack at sp + 5 slots: 0x0 is NULL
stack at sp + 6 slots: 0x00007ff9d2cb9357 owe-client-x64.dll
stack at sp + 7 slots: 0x000001b8c25c5050 points into unknown readable memory: 0x00007ff9d2f4f5d8 | d8 f5 f4 d2 f9 7f 00 00

VM_Operation (0x0000009658afefb0): Exit, mode: safepoint, requested by thread 0x000001b8d38b6ff0


---------------  P R O C E S S  ---------------

Threads class SMR info:
_java_thread_list=0x000001b8ff96bc30, length=14, elements={
0x000001b8d38b6ff0, 0x000001b8f9e67fe0, 0x000001b8f9e69920, 0x000001b8f9e6cf10,
0x000001b8f9e6f460, 0x000001b8f9e6fb40, 0x000001b8f9e70080, 0x000001b8f9e71900,
0x000001b8f9e87c50, 0x000001b8f9e939f0, 0x000001b8f9fa23d0, 0x000001b8f9e914c0,
0x000001b8f9e91a10, 0x000001b8f9e91f60
}

Java Threads: ( => current thread )
  0x000001b8d38b6ff0 JavaThread "main" [_thread_blocked, id=31136, stack(0x0000009658a00000,0x0000009658b00000)]
  0x000001b8f9e67fe0 JavaThread "Reference Handler" daemon [_thread_blocked, id=32480, stack(0x0000009659100000,0x0000009659200000)]
  0x000001b8f9e69920 JavaThread "Finalizer" daemon [_thread_blocked, id=28368, stack(0x0000009659200000,0x0000009659300000)]
  0x000001b8f9e6cf10 JavaThread "Signal Dispatcher" daemon [_thread_blocked, id=27172, stack(0x0000009659300000,0x0000009659400000)]
  0x000001b8f9e6f460 JavaThread "Attach Listener" daemon [_thread_blocked, id=32584, stack(0x0000009659400000,0x0000009659500000)]
  0x000001b8f9e6fb40 JavaThread "Service Thread" daemon [_thread_blocked, id=33504, stack(0x0000009659500000,0x0000009659600000)]
  0x000001b8f9e70080 JavaThread "Monitor Deflation Thread" daemon [_thread_blocked, id=21592, stack(0x0000009659600000,0x0000009659700000)]
  0x000001b8f9e71900 JavaThread "C2 CompilerThread0" daemon [_thread_blocked, id=20924, stack(0x0000009659700000,0x0000009659800000)]
  0x000001b8f9e87c50 JavaThread "C1 CompilerThread0" daemon [_thread_blocked, id=13356, stack(0x0000009659800000,0x0000009659900000)]
  0x000001b8f9e939f0 JavaThread "Sweeper thread" daemon [_thread_blocked, id=13864, stack(0x0000009659900000,0x0000009659a00000)]
  0x000001b8f9fa23d0 JavaThread "C1 CompilerThread1" daemon [_thread_blocked, id=6344, stack(0x0000009659a00000,0x0000009659b00000)]
  0x000001b8f9e914c0 JavaThread "Notification Thread" daemon [_thread_blocked, id=31864, stack(0x0000009659c00000,0x0000009659d00000)]
  0x000001b8f9e91a10 JavaThread "Common-Cleaner" daemon [_thread_blocked, id=5812, stack(0x0000009659e00000,0x0000009659f00000)]
  0x000001b8f9e91f60 JavaThread "Thread-1" [_thread_blocked, id=5580, stack(0x000000965a800000,0x000000965a900000)]

Other Threads:
=>0x000001b8d38d9cb0 VMThread "VM Thread" [stack: 0x0000009659000000,0x0000009659100000] [id=7280]
  0x000001b8d38da7f0 WorkerThread "GC Thread#0" [stack: 0x0000009658b00000,0x0000009658c00000] [id=13780]
  0x000001b8d38d9440 WorkerThread "GC Thread#1" [stack: 0x000000965ab00000,0x000000965ac00000] [id=31068]
  0x000001b8d38da250 WorkerThread "GC Thread#2" [stack: 0x000000965ac00000,0x000000965ad00000] [id=18156]
  0x000001b8d38daac0 WorkerThread "GC Thread#3" [stack: 0x000000965ad00000,0x000000965ae00000] [id=22096]
  0x000001b8d38d9710 WorkerThread "GC Thread#4" [stack: 0x000000965ae00000,0x000000965af00000] [id=33736]
  0x000001b8d38dad90 WorkerThread "GC Thread#5" [stack: 0x000000965af00000,0x000000965b000000] [id=15504]
  0x000001b8d38da520 WorkerThread "GC Thread#6" [stack: 0x000000965b000000,0x000000965b100000] [id=5312]
  0x000001b8c248be10 WorkerThread "GC Thread#7" [stack: 0x000000965b100000,0x000000965b200000] [id=32932]
  0x000001b8c248c0e0 WorkerThread "GC Thread#8" [stack: 0x000000965b200000,0x000000965b300000] [id=23736]
  0x000001b8c248d760 WorkerThread "GC Thread#9" [stack: 0x000000965b300000,0x000000965b400000] [id=23848]
  0x000001b8c248da30 WorkerThread "GC Thread#10" [stack: 0x000000965b400000,0x000000965b500000] [id=17740]
  0x000001b8c248dd00 WorkerThread "GC Thread#11" [stack: 0x000000965b500000,0x000000965b600000] [id=30816]
  0x000001b8c248c950 WorkerThread "GC Thread#12" [stack: 0x000000965b600000,0x000000965b700000] [id=27504]
  0x000001b8c248c3b0 WorkerThread "GC Thread#13" [stack: 0x000000965b700000,0x000000965b800000] [id=1776]
  0x000001b8c248cc20 WorkerThread "GC Thread#14" [stack: 0x000000965b800000,0x000000965b900000] [id=12048]
  0x000001b8c248f0b0 WorkerThread "GC Thread#15" [stack: 0x000000965b900000,0x000000965ba00000] [id=31032]
  0x000001b8c248dfd0 WorkerThread "GC Thread#16" [stack: 0x000000965ba00000,0x000000965bb00000] [id=30468]
  0x000001b8c248b5a0 WorkerThread "GC Thread#17" [stack: 0x000000965bb00000,0x000000965bc00000] [id=30764]
  0x000001b8eb6e9750 ConcurrentGCThread "G1 Main Marker" terminated
  0x000001b8d38d9170 WorkerThread "G1 Conc#0" [stack: 0x0000009658d00000,0x0000009658e00000] [id=21800]
  0x000001b8eb7e6670 ConcurrentGCThread "G1 Refine#0" terminated
  0x000001b8eb7e71b0 ConcurrentGCThread "G1 Service" terminated

Threads with active compile tasks:

VM state: at safepoint (shutting down)

VM Mutex/Monitor currently owned by a thread:  ([mutex/lock_event])
[0x000001b8d38b3550] Threads_lock - owner thread: 0x000001b8d38d9cb0
[0x000001b8d38b2b30] Heap_lock - owner thread: 0x000001b8d38b6ff0

Heap address: 0x00000000a0000000, size: 30208 MB, Compressed Oops mode: Zero based, Oop shift amount: 3

CDS archive(s) mapped at: [0x0000000800000000-0x0000000800c40000-0x0000000800c40000), size 12845056, SharedBaseAddress: 0x0000000800000000, ArchiveRelocationMode: 0.
Compressed class space mapped at: 0x0000000801000000-0x0000000841000000, reserved size: 1073741824
Narrow klass base: 0x0000000800000000, Narrow klass shift: 0, Narrow klass range: 0x100000000

GC Precious Log:
 CardTable entry size: 512
 Card Set container configuration: InlinePtr #cards 3 size 8 Array Of Cards #cards 128 size 272 Howl #buckets 8 coarsen threshold 29491 Howl Bitmap #cards 4096 size 528 coarsen threshold 3686 Card regions per heap region 1 cards per card region 32768
 CPUs: 24 total, 24 available
 Memory: 127G
 Large Page Support: Disabled
 NUMA Support: Disabled
 Compressed Oops: Enabled (Zero based)
 Heap Region Size: 16M
 Heap Min Capacity: 16M
 Heap Initial Capacity: 2G
 Heap Max Capacity: 30208M
 Pre-touch: Disabled
 Parallel Workers: 18
 Concurrent Workers: 5
 Concurrent Refinement Workers: 18
 Periodic GC: Disabled

Heap:
 garbage-first heap   total 2097152K, used 1198873K [0x00000000a0000000, 0x0000000800000000)
  region size 16384K, 75 young (1228800K), 1 survivors (16384K)
 Metaspace       used 3955K, committed 4096K, reserved 1114112K
  class space    used 269K, committed 384K, reserved 1048576K

Heap Regions: E=young(eden), S=young(survivor), O=old, HS=humongous(starts), HC=humongous(continues), CS=collection set, F=free, OA=open archive, CA=closed archive, TAMS=top-at-mark-start (previous, next)
|   0|0x00000000a0000000, 0x00000000a0000000, 0x00000000a1000000|  0%| F|  |TAMS 0x00000000a0000000, 0x00000000a0000000| Untracked 
|   1|0x00000000a1000000, 0x00000000a1000000, 0x00000000a2000000|  0%| F|  |TAMS 0x00000000a1000000, 0x00000000a1000000| Untracked 
|   2|0x00000000a2000000, 0x00000000a2000000, 0x00000000a3000000|  0%| F|  |TAMS 0x00000000a2000000, 0x00000000a2000000| Untracked 
|   3|0x00000000a3000000, 0x00000000a3000000, 0x00000000a4000000|  0%| F|  |TAMS 0x00000000a3000000, 0x00000000a3000000| Untracked 
|   4|0x00000000a4000000, 0x00000000a4000000, 0x00000000a5000000|  0%| F|  |TAMS 0x00000000a4000000, 0x00000000a4000000| Untracked 
|   5|0x00000000a5000000, 0x00000000a5000000, 0x00000000a6000000|  0%| F|  |TAMS 0x00000000a5000000, 0x00000000a5000000| Untracked 
|   6|0x00000000a6000000, 0x00000000a6000000, 0x00000000a7000000|  0%| F|  |TAMS 0x00000000a6000000, 0x00000000a6000000| Untracked 
|   7|0x00000000a7000000, 0x00000000a7000000, 0x00000000a8000000|  0%| F|  |TAMS 0x00000000a7000000, 0x00000000a7000000| Untracked 
|   8|0x00000000a8000000, 0x00000000a8000000, 0x00000000a9000000|  0%| F|  |TAMS 0x00000000a8000000, 0x00000000a8000000| Untracked 
|   9|0x00000000a9000000, 0x00000000a9000000, 0x00000000aa000000|  0%| F|  |TAMS 0x00000000a9000000, 0x00000000a9000000| Untracked 
|  10|0x00000000aa000000, 0x00000000aa000000, 0x00000000ab000000|  0%| F|  |TAMS 0x00000000aa000000, 0x00000000aa000000| Untracked 
|  11|0x00000000ab000000, 0x00000000ab000000, 0x00000000ac000000|  0%| F|  |TAMS 0x00000000ab000000, 0x00000000ab000000| Untracked 
|  12|0x00000000ac000000, 0x00000000ac000000, 0x00000000ad000000|  0%| F|  |TAMS 0x00000000ac000000, 0x00000000ac000000| Untracked 
|  13|0x00000000ad000000, 0x00000000ad000000, 0x00000000ae000000|  0%| F|  |TAMS 0x00000000ad000000, 0x00000000ad000000| Untracked 
|  14|0x00000000ae000000, 0x00000000ae000000, 0x00000000af000000|  0%| F|  |TAMS 0x00000000ae000000, 0x00000000ae000000| Untracked 
|  15|0x00000000af000000, 0x00000000af000000, 0x00000000b0000000|  0%| F|  |TAMS 0x00000000af000000, 0x00000000af000000| Untracked 
|  16|0x00000000b0000000, 0x00000000b0000000, 0x00000000b1000000|  0%| F|  |TAMS 0x00000000b0000000, 0x00000000b0000000| Untracked 
|  17|0x00000000b1000000, 0x00000000b1000000, 0x00000000b2000000|  0%| F|  |TAMS 0x00000000b1000000, 0x00000000b1000000| Untracked 
|  18|0x00000000b2000000, 0x00000000b2000000, 0x00000000b3000000|  0%| F|  |TAMS 0x00000000b2000000, 0x00000000b2000000| Untracked 
|  19|0x00000000b3000000, 0x00000000b3000000, 0x00000000b4000000|  0%| F|  |TAMS 0x00000000b3000000, 0x00000000b3000000| Untracked 
|  20|0x00000000b4000000, 0x00000000b4000000, 0x00000000b5000000|  0%| F|  |TAMS 0x00000000b4000000, 0x00000000b4000000| Untracked 
|  21|0x00000000b5000000, 0x00000000b5000000, 0x00000000b6000000|  0%| F|  |TAMS 0x00000000b5000000, 0x00000000b5000000| Untracked 
|  22|0x00000000b6000000, 0x00000000b6000000, 0x00000000b7000000|  0%| F|  |TAMS 0x00000000b6000000, 0x00000000b6000000| Untracked 
|  23|0x00000000b7000000, 0x00000000b7000000, 0x00000000b8000000|  0%| F|  |TAMS 0x00000000b7000000, 0x00000000b7000000| Untracked 
|  24|0x00000000b8000000, 0x00000000b8000000, 0x00000000b9000000|  0%| F|  |TAMS 0x00000000b8000000, 0x00000000b8000000| Untracked 
|  25|0x00000000b9000000, 0x00000000b9000000, 0x00000000ba000000|  0%| F|  |TAMS 0x00000000b9000000, 0x00000000b9000000| Untracked 
|  26|0x00000000ba000000, 0x00000000ba000000, 0x00000000bb000000|  0%| F|  |TAMS 0x00000000ba000000, 0x00000000ba000000| Untracked 
|  27|0x00000000bb000000, 0x00000000bb000000, 0x00000000bc000000|  0%| F|  |TAMS 0x00000000bb000000, 0x00000000bb000000| Untracked 
|  28|0x00000000bc000000, 0x00000000bc000000, 0x00000000bd000000|  0%| F|  |TAMS 0x00000000bc000000, 0x00000000bc000000| Untracked 
|  29|0x00000000bd000000, 0x00000000bd000000, 0x00000000be000000|  0%| F|  |TAMS 0x00000000bd000000, 0x00000000bd000000| Untracked 
|  30|0x00000000be000000, 0x00000000be000000, 0x00000000bf000000|  0%| F|  |TAMS 0x00000000be000000, 0x00000000be000000| Untracked 
|  31|0x00000000bf000000, 0x00000000bf000000, 0x00000000c0000000|  0%| F|  |TAMS 0x00000000bf000000, 0x00000000bf000000| Untracked 
|  32|0x00000000c0000000, 0x00000000c0000000, 0x00000000c1000000|  0%| F|  |TAMS 0x00000000c0000000, 0x00000000c0000000| Untracked 
|  33|0x00000000c1000000, 0x00000000c1000000, 0x00000000c2000000|  0%| F|  |TAMS 0x00000000c1000000, 0x00000000c1000000| Untracked 
|  34|0x00000000c2000000, 0x00000000c2000000, 0x00000000c3000000|  0%| F|  |TAMS 0x00000000c2000000, 0x00000000c2000000| Untracked 
|  35|0x00000000c3000000, 0x00000000c3000000, 0x00000000c4000000|  0%| F|  |TAMS 0x00000000c3000000, 0x00000000c3000000| Untracked 
|  36|0x00000000c4000000, 0x00000000c4000000, 0x00000000c5000000|  0%| F|  |TAMS 0x00000000c4000000, 0x00000000c4000000| Untracked 
|  37|0x00000000c5000000, 0x00000000c5000000, 0x00000000c6000000|  0%| F|  |TAMS 0x00000000c5000000, 0x00000000c5000000| Untracked 
|  38|0x00000000c6000000, 0x00000000c6000000, 0x00000000c7000000|  0%| F|  |TAMS 0x00000000c6000000, 0x00000000c6000000| Untracked 
|  39|0x00000000c7000000, 0x00000000c7000000, 0x00000000c8000000|  0%| F|  |TAMS 0x00000000c7000000, 0x00000000c7000000| Untracked 
|  40|0x00000000c8000000, 0x00000000c8000000, 0x00000000c9000000|  0%| F|  |TAMS 0x00000000c8000000, 0x00000000c8000000| Untracked 
|  41|0x00000000c9000000, 0x00000000c9000000, 0x00000000ca000000|  0%| F|  |TAMS 0x00000000c9000000, 0x00000000c9000000| Untracked 
|  42|0x00000000ca000000, 0x00000000ca000000, 0x00000000cb000000|  0%| F|  |TAMS 0x00000000ca000000, 0x00000000ca000000| Untracked 
|  43|0x00000000cb000000, 0x00000000cb000000, 0x00000000cc000000|  0%| F|  |TAMS 0x00000000cb000000, 0x00000000cb000000| Untracked 
|  44|0x00000000cc000000, 0x00000000cc000000, 0x00000000cd000000|  0%| F|  |TAMS 0x00000000cc000000, 0x00000000cc000000| Untracked 
|  45|0x00000000cd000000, 0x00000000cd000000, 0x00000000ce000000|  0%| F|  |TAMS 0x00000000cd000000, 0x00000000cd000000| Untracked 
|  46|0x00000000ce000000, 0x00000000ce000000, 0x00000000cf000000|  0%| F|  |TAMS 0x00000000ce000000, 0x00000000ce000000| Untracked 
|  47|0x00000000cf000000, 0x00000000cf000000, 0x00000000d0000000|  0%| F|  |TAMS 0x00000000cf000000, 0x00000000cf000000| Untracked 
|  48|0x00000000d0000000, 0x00000000d0000000, 0x00000000d1000000|  0%| F|  |TAMS 0x00000000d0000000, 0x00000000d0000000| Untracked 
|  49|0x00000000d1000000, 0x00000000d1000000, 0x00000000d2000000|  0%| F|  |TAMS 0x00000000d1000000, 0x00000000d1000000| Untracked 
|  50|0x00000000d2000000, 0x00000000d2000000, 0x00000000d3000000|  0%| F|  |TAMS 0x00000000d2000000, 0x00000000d2000000| Untracked 
|  51|0x00000000d3000000, 0x00000000d3000000, 0x00000000d4000000|  0%| F|  |TAMS 0x00000000d3000000, 0x00000000d3000000| Untracked 
|  52|0x00000000d4000000, 0x00000000d4000000, 0x00000000d5000000|  0%| F|  |TAMS 0x00000000d4000000, 0x00000000d4000000| Untracked 
|  53|0x00000000d5000000, 0x00000000d6000000, 0x00000000d6000000|100%| E|  |TAMS 0x00000000d5000000, 0x00000000d5000000| Complete 
|  54|0x00000000d6000000, 0x00000000d7000000, 0x00000000d7000000|100%| E|CS|TAMS 0x00000000d6000000, 0x00000000d6000000| Complete 
|  55|0x00000000d7000000, 0x00000000d8000000, 0x00000000d8000000|100%| E|CS|TAMS 0x00000000d7000000, 0x00000000d7000000| Complete 
|  56|0x00000000d8000000, 0x00000000d9000000, 0x00000000d9000000|100%| E|CS|TAMS 0x00000000d8000000, 0x00000000d8000000| Complete 
|  57|0x00000000d9000000, 0x00000000da000000, 0x00000000da000000|100%| E|CS|TAMS 0x00000000d9000000, 0x00000000d9000000| Complete 
|  58|0x00000000da000000, 0x00000000db000000, 0x00000000db000000|100%| E|CS|TAMS 0x00000000da000000, 0x00000000da000000| Complete 
|  59|0x00000000db000000, 0x00000000dc000000, 0x00000000dc000000|100%| E|CS|TAMS 0x00000000db000000, 0x00000000db000000| Complete 
|  60|0x00000000dc000000, 0x00000000dd000000, 0x00000000dd000000|100%| E|CS|TAMS 0x00000000dc000000, 0x00000000dc000000| Complete 
|  61|0x00000000dd000000, 0x00000000de000000, 0x00000000de000000|100%| E|CS|TAMS 0x00000000dd000000, 0x00000000dd000000| Complete 
|  62|0x00000000de000000, 0x00000000df000000, 0x00000000df000000|100%| E|CS|TAMS 0x00000000de000000, 0x00000000de000000| Complete 
|  63|0x00000000df000000, 0x00000000e0000000, 0x00000000e0000000|100%| E|CS|TAMS 0x00000000df000000, 0x00000000df000000| Complete 
|  64|0x00000000e0000000, 0x00000000e1000000, 0x00000000e1000000|100%| E|CS|TAMS 0x00000000e0000000, 0x00000000e0000000| Complete 
|  65|0x00000000e1000000, 0x00000000e2000000, 0x00000000e2000000|100%| E|CS|TAMS 0x00000000e1000000, 0x00000000e1000000| Complete 
|  66|0x00000000e2000000, 0x00000000e3000000, 0x00000000e3000000|100%| E|CS|TAMS 0x00000000e2000000, 0x00000000e2000000| Complete 
|  67|0x00000000e3000000, 0x00000000e4000000, 0x00000000e4000000|100%| E|CS|TAMS 0x00000000e3000000, 0x00000000e3000000| Complete 
|  68|0x00000000e4000000, 0x00000000e5000000, 0x00000000e5000000|100%| E|CS|TAMS 0x00000000e4000000, 0x00000000e4000000| Complete 
|  69|0x00000000e5000000, 0x00000000e6000000, 0x00000000e6000000|100%| E|CS|TAMS 0x00000000e5000000, 0x00000000e5000000| Complete 
|  70|0x00000000e6000000, 0x00000000e7000000, 0x00000000e7000000|100%| E|CS|TAMS 0x00000000e6000000, 0x00000000e6000000| Complete 
|  71|0x00000000e7000000, 0x00000000e8000000, 0x00000000e8000000|100%| E|CS|TAMS 0x00000000e7000000, 0x00000000e7000000| Complete 
|  72|0x00000000e8000000, 0x00000000e9000000, 0x00000000e9000000|100%| E|CS|TAMS 0x00000000e8000000, 0x00000000e8000000| Complete 
|  73|0x00000000e9000000, 0x00000000ea000000, 0x00000000ea000000|100%| E|CS|TAMS 0x00000000e9000000, 0x00000000e9000000| Complete 
|  74|0x00000000ea000000, 0x00000000eb000000, 0x00000000eb000000|100%| E|CS|TAMS 0x00000000ea000000, 0x00000000ea000000| Complete 
|  75|0x00000000eb000000, 0x00000000ec000000, 0x00000000ec000000|100%| E|CS|TAMS 0x00000000eb000000, 0x00000000eb000000| Complete 
|  76|0x00000000ec000000, 0x00000000ed000000, 0x00000000ed000000|100%| E|CS|TAMS 0x00000000ec000000, 0x00000000ec000000| Complete 
|  77|0x00000000ed000000, 0x00000000ee000000, 0x00000000ee000000|100%| E|CS|TAMS 0x00000000ed000000, 0x00000000ed000000| Complete 
|  78|0x00000000ee000000, 0x00000000ef000000, 0x00000000ef000000|100%| E|CS|TAMS 0x00000000ee000000, 0x00000000ee000000| Complete 
|  79|0x00000000ef000000, 0x00000000f0000000, 0x00000000f0000000|100%| E|CS|TAMS 0x00000000ef000000, 0x00000000ef000000| Complete 
|  80|0x00000000f0000000, 0x00000000f1000000, 0x00000000f1000000|100%| E|CS|TAMS 0x00000000f0000000, 0x00000000f0000000| Complete 
|  81|0x00000000f1000000, 0x00000000f2000000, 0x00000000f2000000|100%| E|CS|TAMS 0x00000000f1000000, 0x00000000f1000000| Complete 
|  82|0x00000000f2000000, 0x00000000f3000000, 0x00000000f3000000|100%| E|CS|TAMS 0x00000000f2000000, 0x00000000f2000000| Complete 
|  83|0x00000000f3000000, 0x00000000f4000000, 0x00000000f4000000|100%| E|CS|TAMS 0x00000000f3000000, 0x00000000f3000000| Complete 
|  84|0x00000000f4000000, 0x00000000f5000000, 0x00000000f5000000|100%| E|CS|TAMS 0x00000000f4000000, 0x00000000f4000000| Complete 
|  85|0x00000000f5000000, 0x00000000f6000000, 0x00000000f6000000|100%| E|CS|TAMS 0x00000000f5000000, 0x00000000f5000000| Complete 
|  86|0x00000000f6000000, 0x00000000f7000000, 0x00000000f7000000|100%| E|CS|TAMS 0x00000000f6000000, 0x00000000f6000000| Complete 
|  87|0x00000000f7000000, 0x00000000f8000000, 0x00000000f8000000|100%| E|CS|TAMS 0x00000000f7000000, 0x00000000f7000000| Complete 
|  88|0x00000000f8000000, 0x00000000f9000000, 0x00000000f9000000|100%| E|CS|TAMS 0x00000000f8000000, 0x00000000f8000000| Complete 
|  89|0x00000000f9000000, 0x00000000fa000000, 0x00000000fa000000|100%| E|CS|TAMS 0x00000000f9000000, 0x00000000f9000000| Complete 
|  90|0x00000000fa000000, 0x00000000fb000000, 0x00000000fb000000|100%| E|CS|TAMS 0x00000000fa000000, 0x00000000fa000000| Complete 
|  91|0x00000000fb000000, 0x00000000fc000000, 0x00000000fc000000|100%| E|CS|TAMS 0x00000000fb000000, 0x00000000fb000000| Complete 
|  92|0x00000000fc000000, 0x00000000fd000000, 0x00000000fd000000|100%| E|CS|TAMS 0x00000000fc000000, 0x00000000fc000000| Complete 
|  93|0x00000000fd000000, 0x00000000fe000000, 0x00000000fe000000|100%| E|CS|TAMS 0x00000000fd000000, 0x00000000fd000000| Complete 
|  94|0x00000000fe000000, 0x00000000ff000000, 0x00000000ff000000|100%| E|CS|TAMS 0x00000000fe000000, 0x00000000fe000000| Complete 
|  95|0x00000000ff000000, 0x0000000100000000, 0x0000000100000000|100%| E|CS|TAMS 0x00000000ff000000, 0x00000000ff000000| Complete 
|  96|0x0000000100000000, 0x0000000101000000, 0x0000000101000000|100%| E|CS|TAMS 0x0000000100000000, 0x0000000100000000| Complete 
|  97|0x0000000101000000, 0x0000000102000000, 0x0000000102000000|100%| E|CS|TAMS 0x0000000101000000, 0x0000000101000000| Complete 
|  98|0x0000000102000000, 0x0000000103000000, 0x0000000103000000|100%| E|CS|TAMS 0x0000000102000000, 0x0000000102000000| Complete 
|  99|0x0000000103000000, 0x0000000104000000, 0x0000000104000000|100%| E|CS|TAMS 0x0000000103000000, 0x0000000103000000| Complete 
| 100|0x0000000104000000, 0x0000000105000000, 0x0000000105000000|100%| E|CS|TAMS 0x0000000104000000, 0x0000000104000000| Complete 
| 101|0x0000000105000000, 0x0000000106000000, 0x0000000106000000|100%| E|CS|TAMS 0x0000000105000000, 0x0000000105000000| Complete 
| 102|0x0000000106000000, 0x0000000107000000, 0x0000000107000000|100%| E|CS|TAMS 0x0000000106000000, 0x0000000106000000| Complete 
| 103|0x0000000107000000, 0x0000000108000000, 0x0000000108000000|100%| E|CS|TAMS 0x0000000107000000, 0x0000000107000000| Complete 
| 104|0x0000000108000000, 0x0000000109000000, 0x0000000109000000|100%| E|CS|TAMS 0x0000000108000000, 0x0000000108000000| Complete 
| 105|0x0000000109000000, 0x000000010a000000, 0x000000010a000000|100%| E|CS|TAMS 0x0000000109000000, 0x0000000109000000| Complete 
| 106|0x000000010a000000, 0x000000010b000000, 0x000000010b000000|100%| E|CS|TAMS 0x000000010a000000, 0x000000010a000000| Complete 
| 107|0x000000010b000000, 0x000000010c000000, 0x000000010c000000|100%| E|CS|TAMS 0x000000010b000000, 0x000000010b000000| Complete 
| 108|0x000000010c000000, 0x000000010d000000, 0x000000010d000000|100%| E|CS|TAMS 0x000000010c000000, 0x000000010c000000| Complete 
| 109|0x000000010d000000, 0x000000010e000000, 0x000000010e000000|100%| E|CS|TAMS 0x000000010d000000, 0x000000010d000000| Complete 
| 110|0x000000010e000000, 0x000000010f000000, 0x000000010f000000|100%| E|CS|TAMS 0x000000010e000000, 0x000000010e000000| Complete 
| 111|0x000000010f000000, 0x0000000110000000, 0x0000000110000000|100%| E|CS|TAMS 0x000000010f000000, 0x000000010f000000| Complete 
| 112|0x0000000110000000, 0x00000001102c6638, 0x0000000111000000| 17%| S|CS|TAMS 0x0000000110000000, 0x0000000110000000| Complete 
| 113|0x0000000111000000, 0x0000000112000000, 0x0000000112000000|100%| E|CS|TAMS 0x0000000111000000, 0x0000000111000000| Complete 
| 114|0x0000000112000000, 0x0000000113000000, 0x0000000113000000|100%| E|CS|TAMS 0x0000000112000000, 0x0000000112000000| Complete 
| 115|0x0000000113000000, 0x0000000114000000, 0x0000000114000000|100%| E|CS|TAMS 0x0000000113000000, 0x0000000113000000| Complete 
| 116|0x0000000114000000, 0x0000000115000000, 0x0000000115000000|100%| E|CS|TAMS 0x0000000114000000, 0x0000000114000000| Complete 
| 117|0x0000000115000000, 0x0000000116000000, 0x0000000116000000|100%| E|CS|TAMS 0x0000000115000000, 0x0000000115000000| Complete 
| 118|0x0000000116000000, 0x0000000117000000, 0x0000000117000000|100%| E|CS|TAMS 0x0000000116000000, 0x0000000116000000| Complete 
| 119|0x0000000117000000, 0x0000000118000000, 0x0000000118000000|100%| E|CS|TAMS 0x0000000117000000, 0x0000000117000000| Complete 
| 120|0x0000000118000000, 0x0000000119000000, 0x0000000119000000|100%| E|CS|TAMS 0x0000000118000000, 0x0000000118000000| Complete 
| 121|0x0000000119000000, 0x000000011a000000, 0x000000011a000000|100%| E|CS|TAMS 0x0000000119000000, 0x0000000119000000| Complete 
| 122|0x000000011a000000, 0x000000011b000000, 0x000000011b000000|100%| E|CS|TAMS 0x000000011a000000, 0x000000011a000000| Complete 
| 123|0x000000011b000000, 0x000000011c000000, 0x000000011c000000|100%| E|CS|TAMS 0x000000011b000000, 0x000000011b000000| Complete 
| 124|0x000000011c000000, 0x000000011d000000, 0x000000011d000000|100%| E|CS|TAMS 0x000000011c000000, 0x000000011c000000| Complete 
| 125|0x000000011d000000, 0x000000011e000000, 0x000000011e000000|100%| E|CS|TAMS 0x000000011d000000, 0x000000011d000000| Complete 
| 126|0x000000011e000000, 0x000000011f000000, 0x000000011f000000|100%| E|CS|TAMS 0x000000011e000000, 0x000000011e000000| Complete 
| 127|0x000000011f000000, 0x0000000120000000, 0x0000000120000000|100%| E|CS|TAMS 0x000000011f000000, 0x000000011f000000| Complete 

Card table byte_map: [0x000001b8ef2f0000,0x000001b8f2df0000] _byte_map_base: 0x000001b8eedf0000

Marking Bits (Prev, Next): (CMBitMap*) 0x000001b8d3967e00, (CMBitMap*) 0x000001b8d3967e40
 Prev Bits: [0x000001b880000000, 0x000001b89d800000)
 Next Bits: [0x000001b89d800000, 0x000001b8bb000000)

Polling page: 0x000001b8d1840000

Metaspace:

Usage:
  Non-class:      3.60 MB used.
      Class:    269.99 KB used.
       Both:      3.86 MB used.

Virtual space:
  Non-class space:       64.00 MB reserved,       3.62 MB (  6%) committed,  1 nodes.
      Class space:        1.00 GB reserved,     384.00 KB ( <1%) committed,  1 nodes.
             Both:        1.06 GB reserved,       4.00 MB ( <1%) committed. 

Chunk freelists:
   Non-Class:  2.12 MB
       Class:  3.61 MB
        Both:  5.73 MB

MaxMetaspaceSize: unlimited
CompressedClassSpaceSize: 1.00 GB
Initial GC threshold: 21.00 MB
Current GC threshold: 21.00 MB
CDS: on
MetaspaceReclaimPolicy: balanced
 - commit_granule_bytes: 65536.
 - commit_granule_words: 8192.
 - virtual_space_node_default_size: 8388608.
 - enlarge_chunks_in_place: 1.
 - new_chunks_are_fully_committed: 0.
 - uncommit_free_chunks: 1.
 - use_allocation_guard: 0.


Internal statistics:

num_allocs_failed_limit: 0.
num_arena_births: 18.
num_arena_deaths: 0.
num_vsnodes_births: 2.
num_vsnodes_deaths: 0.
num_space_committed: 62.
num_space_uncommitted: 0.
num_chunks_returned_to_freelist: 0.
num_chunks_taken_from_freelist: 101.
num_chunk_merges: 0.
num_chunk_splits: 65.
num_chunks_enlarged: 55.
num_inconsistent_stats: 0.

CodeHeap 'non-profiled nmethods': size=119168Kb used=251Kb max_used=251Kb free=118916Kb
 bounds [0x000001b8e33b0000, 0x000001b8e3620000, 0x000001b8ea810000]
CodeHeap 'profiled nmethods': size=119104Kb used=1266Kb max_used=1266Kb free=117837Kb
 bounds [0x000001b8db810000, 0x000001b8dba80000, 0x000001b8e2c60000]
CodeHeap 'non-nmethods': size=7488Kb used=1898Kb max_used=3029Kb free=5590Kb
 bounds [0x000001b8e2c60000, 0x000001b8e2f60000, 0x000001b8e33b0000]
 total_blobs=1426 nmethods=851 adapters=485
 compilation: enabled
              stopped_count=0, restarted_count=0
 full_count=0

Compilation events (20 events):
Event: 1.819 Thread 0x000001b8f9e87c50 nmethod 843 0x000001b8db945090 code [0x000001b8db945220, 0x000001b8db945338]
Event: 1.819 Thread 0x000001b8f9e71900 nmethod 842 0x000001b8e33edd90 code [0x000001b8e33edf00, 0x000001b8e33edf78]
Event: 1.819 Thread 0x000001b8f9e87c50  844       3       java.lang.Character::valueOf (21 bytes)
Event: 1.819 Thread 0x000001b8f9fa23d0  845       3       java.lang.Character::hashCode (8 bytes)
Event: 1.819 Thread 0x000001b8f9fa23d0 nmethod 845 0x000001b8db945410 code [0x000001b8db9455c0, 0x000001b8db945718]
Event: 1.819 Thread 0x000001b8f9e87c50 nmethod 844 0x000001b8db945810 code [0x000001b8db9459c0, 0x000001b8db945c58]
Event: 1.820 Thread 0x000001b8f9fa23d0  846       3       java.lang.Character::hashCode (2 bytes)
Event: 1.820 Thread 0x000001b8f9fa23d0 nmethod 846 0x000001b8db945d90 code [0x000001b8db945f20, 0x000001b8db946018]
Event: 1.820 Thread 0x000001b8f9fa23d0  847 %s    3       com.jcraft.jorbis.Mapping0::inverse @ 804 (867 bytes)
Event: 1.820 Thread 0x000001b8f9e71900  848       4       com.jcraft.jorbis.CodeBook::decode (109 bytes)
Event: 1.820 Thread 0x000001b8f9e87c50  849 %     3       com.jcraft.jorbis.Mdct::mdct_kernel @ 239 (631 bytes)
Event: 1.821 Thread 0x000001b8f9fa23d0 nmethod 847% 0x000001b8db946090 code [0x000001b8db9464c0, 0x000001b8db948d98]
Event: 1.821 Thread 0x000001b8f9e87c50 nmethod 849% 0x000001b8db94a490 code [0x000001b8db94a720, 0x000001b8db94b678]
Event: 1.823 Thread 0x000001b8f9e71900 nmethod 848 0x000001b8e33ee090 code [0x000001b8e33ee240, 0x000001b8e33ee758]
Event: 1.873 Thread 0x000001b8f9fa23d0  850       1       java.nio.ByteBuffer::base (5 bytes)
Event: 1.873 Thread 0x000001b8f9fa23d0 nmethod 850 0x000001b8e33eeb10 code [0x000001b8e33eeca0, 0x000001b8e33eed78]
Event: 2.087 Thread 0x000001b8f9fa23d0  851       3       org.lwjgl.MemoryUtil::getAddress (9 bytes)
Event: 2.087 Thread 0x000001b8f9e87c50  852       3       org.lwjgl.MemoryUtil::getAddress (10 bytes)
Event: 2.087 Thread 0x000001b8f9e87c50 nmethod 852 0x000001b8db94bf10 code [0x000001b8db94c0c0, 0x000001b8db94c318]
Event: 2.087 Thread 0x000001b8f9fa23d0 nmethod 851 0x000001b8db94c490 code [0x000001b8db94c660, 0x000001b8db94c918]

GC Heap History (6 events):
Event: 0.588 GC heap before
{Heap before GC invocations=0 (full 0):
 garbage-first heap   total 2097152K, used 98304K [0x00000000a0000000, 0x0000000800000000)
  region size 16384K, 6 young (98304K), 0 survivors (0K)
 Metaspace       used 3352K, committed 3456K, reserved 1114112K
  class space    used 209K, committed 256K, reserved 1048576K
}
Event: 0.590 GC heap after
{Heap after GC invocations=1 (full 0):
 garbage-first heap   total 2097152K, used 3155K [0x00000000a0000000, 0x0000000800000000)
  region size 16384K, 1 young (16384K), 1 survivors (16384K)
 Metaspace       used 3352K, committed 3456K, reserved 1114112K
  class space    used 209K, committed 256K, reserved 1048576K
}
Event: 0.669 GC heap before
{Heap before GC invocations=1 (full 0):
 garbage-first heap   total 2097152K, used 85075K [0x00000000a0000000, 0x0000000800000000)
  region size 16384K, 6 young (98304K), 1 survivors (16384K)
 Metaspace       used 3358K, committed 3520K, reserved 1114112K
  class space    used 210K, committed 256K, reserved 1048576K
}
Event: 0.670 GC heap after
{Heap after GC invocations=2 (full 0):
 garbage-first heap   total 2097152K, used 2799K [0x00000000a0000000, 0x0000000800000000)
  region size 16384K, 1 young (16384K), 1 survivors (16384K)
 Metaspace       used 3358K, committed 3520K, reserved 1114112K
  class space    used 210K, committed 256K, reserved 1048576K
}
Event: 0.931 GC heap before
{Heap before GC invocations=2 (full 0):
 garbage-first heap   total 2097152K, used 232175K [0x00000000a0000000, 0x0000000800000000)
  region size 16384K, 15 young (245760K), 1 survivors (16384K)
 Metaspace       used 3540K, committed 3648K, reserved 1114112K
  class space    used 226K, committed 256K, reserved 1048576K
}
Event: 0.933 GC heap after
{Heap after GC invocations=3 (full 0):
 garbage-first heap   total 2097152K, used 2841K [0x00000000a0000000, 0x0000000800000000)
  region size 16384K, 1 young (16384K), 1 survivors (16384K)
 Metaspace       used 3540K, committed 3648K, reserved 1114112K
  class space    used 226K, committed 256K, reserved 1048576K
}

Dll operation events (10 events):
Event: 0.008 Loaded shared library C:\Program Files\Java\jdk-19\bin\java.dll
Event: 0.018 Loaded shared library C:\Program Files\Java\jdk-19\bin\jsvml.dll
Event: 0.053 Loaded shared library C:\Program Files\Java\jdk-19\bin\net.dll
Event: 0.054 Loaded shared library C:\Program Files\Java\jdk-19\bin\nio.dll
Event: 0.057 Loaded shared library C:\Program Files\Java\jdk-19\bin\zip.dll
Event: 0.075 Loaded shared library C:\Program Files\Java\jdk-19\bin\verify.dll
Event: 0.089 Loaded shared library C:\Users\Chris Combs\Desktop\OpencraftClient1\natives\lwjgl64.dll
Event: 0.372 Loaded shared library C:\Program Files\Java\jdk-19\bin\jimage.dll
Event: 0.433 Loaded shared library C:\Program Files\Java\jdk-19\bin\awt.dll
Event: 0.490 Loaded shared library C:\Users\Chris Combs\Desktop\OpencraftClient1\natives\freetype-jni-64.dll

Deoptimization events (20 events):
Event: 0.456 Thread 0x000001b8d38b6ff0 DEOPT PACKING pc=0x000001b8db8f8536 sp=0x0000009658afeb50
Event: 0.456 Thread 0x000001b8d38b6ff0 DEOPT UNPACKING pc=0x000001b8e2cc7543 sp=0x0000009658afdfd8 mode 0
Event: 0.456 Thread 0x000001b8d38b6ff0 DEOPT PACKING pc=0x000001b8db8f8536 sp=0x0000009658afeb50
Event: 0.456 Thread 0x000001b8d38b6ff0 DEOPT UNPACKING pc=0x000001b8e2cc7543 sp=0x0000009658afdfd8 mode 0
Event: 0.456 Thread 0x000001b8d38b6ff0 DEOPT PACKING pc=0x000001b8db8f8536 sp=0x0000009658afeb50
Event: 0.456 Thread 0x000001b8d38b6ff0 DEOPT UNPACKING pc=0x000001b8e2cc7543 sp=0x0000009658afdfd8 mode 0
Event: 0.456 Thread 0x000001b8d38b6ff0 DEOPT PACKING pc=0x000001b8db8f8536 sp=0x0000009658afeb50
Event: 0.456 Thread 0x000001b8d38b6ff0 DEOPT UNPACKING pc=0x000001b8e2cc7543 sp=0x0000009658afdfd8 mode 0
Event: 0.456 Thread 0x000001b8d38b6ff0 DEOPT PACKING pc=0x000001b8db8f8536 sp=0x0000009658afeb50
Event: 0.456 Thread 0x000001b8d38b6ff0 DEOPT UNPACKING pc=0x000001b8e2cc7543 sp=0x0000009658afdfd8 mode 0
Event: 0.490 Thread 0x000001b8f9e91f60 Uncommon trap: trap_request=0xffffffc6 fr.pc=0x000001b8e33dc220 relative=0x0000000000000920
Event: 0.490 Thread 0x000001b8f9e91f60 Uncommon trap: reason=bimorphic_or_optimized_type_check action=maybe_recompile pc=0x000001b8e33dc220 method=java.util.regex.Pattern$Start.match(Ljava/util/regex/Matcher;ILjava/lang/CharSequence;)Z @ 44 c2
Event: 0.490 Thread 0x000001b8f9e91f60 DEOPT PACKING pc=0x000001b8e33dc220 sp=0x000000965a8ff190
Event: 0.490 Thread 0x000001b8f9e91f60 DEOPT UNPACKING pc=0x000001b8e2cc6da3 sp=0x000000965a8ff0d0 mode 2
Event: 0.490 Thread 0x000001b8f9e91f60 Uncommon trap: trap_request=0xffffffc6 fr.pc=0x000001b8e33dc220 relative=0x0000000000000920
Event: 0.490 Thread 0x000001b8f9e91f60 Uncommon trap: reason=bimorphic_or_optimized_type_check action=maybe_recompile pc=0x000001b8e33dc220 method=java.util.regex.Pattern$Start.match(Ljava/util/regex/Matcher;ILjava/lang/CharSequence;)Z @ 44 c2
Event: 0.490 Thread 0x000001b8f9e91f60 DEOPT PACKING pc=0x000001b8e33dc220 sp=0x000000965a8ff190
Event: 0.490 Thread 0x000001b8f9e91f60 DEOPT UNPACKING pc=0x000001b8e2cc6da3 sp=0x000000965a8ff0d0 mode 2
Event: 0.505 Thread 0x000001b8f9e91f60 DEOPT PACKING pc=0x000001b8db91647b sp=0x000000965a8ff6e0
Event: 0.505 Thread 0x000001b8f9e91f60 DEOPT UNPACKING pc=0x000001b8e2cc7543 sp=0x000000965a8febc0 mode 0

Classes loaded (20 events):
Event: 0.739 Loading class java/lang/reflect/InaccessibleObjectException
Event: 0.739 Loading class java/lang/reflect/InaccessibleObjectException done
Event: 1.797 Loading class java/net/UnknownServiceException
Event: 1.797 Loading class java/net/UnknownServiceException done
Event: 1.801 Loading class sun/net/www/protocol/file/FileURLConnection
Event: 1.801 Loading class sun/net/www/URLConnection
Event: 1.801 Loading class java/net/URLConnection
Event: 1.801 Loading class java/net/URLConnection done
Event: 1.801 Loading class sun/net/www/URLConnection done
Event: 1.801 Loading class sun/net/www/protocol/file/FileURLConnection done
Event: 1.801 Loading class sun/net/www/MessageHeader
Event: 1.801 Loading class sun/net/www/MessageHeader done
Event: 1.802 Loading class sun/net/ProgressMonitor
Event: 1.802 Loading class sun/net/ProgressMonitor done
Event: 1.802 Loading class sun/net/DefaultProgressMeteringPolicy
Event: 1.802 Loading class sun/net/ProgressMeteringPolicy
Event: 1.802 Loading class sun/net/ProgressMeteringPolicy done
Event: 1.802 Loading class sun/net/DefaultProgressMeteringPolicy done
Event: 1.812 Loading class javax/sound/sampled/AudioFormat$Encoding
Event: 1.812 Loading class javax/sound/sampled/AudioFormat$Encoding done

Classes unloaded (0 events):
No events

Classes redefined (0 events):
No events

Internal exceptions (14 events):
Event: 0.250 Thread 0x000001b8d38b6ff0 Exception <a 'java/lang/NoSuchMethodError'{0x000000011f1e3a38}: 'int java.lang.invoke.Invokers$Holder.invokeExact_MT(java.lang.Object, java.lang.Object)'> (0x000000011f1e3a38) 
thrown [s\open\src\hotspot\share\interpreter\linkResolver.cpp, line 774]
Event: 0.411 Thread 0x000001b8d38b6ff0 Exception <a 'java/lang/ClassNotFoundException'{0x000000011e156248}: sun/net/www/protocol/c/Handler> (0x000000011e156248) 
thrown [s\open\src\hotspot\share\classfile\systemDictionary.cpp, line 255]
Event: 0.450 Thread 0x000001b8d38b6ff0 Exception <a 'java/lang/ClassNotFoundException'{0x000000011e222558}: sun/net/www/protocol/c/Handler> (0x000000011e222558) 
thrown [s\open\src\hotspot\share\classfile\systemDictionary.cpp, line 255]
Event: 0.452 Thread 0x000001b8d38b6ff0 Exception <a 'java/lang/ClassNotFoundException'{0x000000011e22c3a0}: sun/net/www/protocol/c/Handler> (0x000000011e22c3a0) 
thrown [s\open\src\hotspot\share\classfile\systemDictionary.cpp, line 255]
Event: 0.453 Thread 0x000001b8d38b6ff0 Exception <a 'java/lang/ClassNotFoundException'{0x000000011e234780}: sun/net/www/protocol/c/Handler> (0x000000011e234780) 
thrown [s\open\src\hotspot\share\classfile\systemDictionary.cpp, line 255]
Event: 0.455 Thread 0x000001b8d38b6ff0 Exception <a 'java/lang/ClassNotFoundException'{0x000000011e23d268}: sun/net/www/protocol/c/Handler> (0x000000011e23d268) 
thrown [s\open\src\hotspot\share\classfile\systemDictionary.cpp, line 255]
Event: 0.510 Thread 0x000001b8d38b6ff0 Exception <a 'java/lang/ClassNotFoundException'{0x000000011e275900}: sun/net/www/protocol/c/Handler> (0x000000011e275900) 
thrown [s\open\src\hotspot\share\classfile\systemDictionary.cpp, line 255]
Event: 0.731 Thread 0x000001b8f9e924b0 Exception <a 'java/lang/InterruptedException'{0x000000011cb38d30}: sleep interrupted> (0x000000011cb38d30) 
thrown [s\open\src\hotspot\share\prims\jvm.cpp, line 3103]
Event: 0.739 Thread 0x000001b8f9e924b0 Exception <a 'java/lang/NoSuchMethodError'{0x000000011cb88948}: 'java.lang.Object java.lang.invoke.DirectMethodHandle$Holder.invokeInterface(java.lang.Object, java.lang.Object)'> (0x000000011cb88948) 
thrown [s\open\src\hotspot\share\interpreter\linkResolver.cpp, line 774]
Event: 0.739 Thread 0x000001b8f9e924b0 Exception <a 'java/lang/IncompatibleClassChangeError'{0x000000011cb8c268}: Found class java.lang.Object, but interface was expected> (0x000000011cb8c268) 
thrown [s\open\src\hotspot\share\interpreter\linkResolver.cpp, line 841]
Event: 1.796 Thread 0x000001b8f9e924b0 Exception <a 'java/lang/InterruptedException'{0x00000000ed01f808}: sleep interrupted> (0x00000000ed01f808) 
thrown [s\open\src\hotspot\share\prims\jvm.cpp, line 3081]
Event: 1.797 Thread 0x000001b8f9e924b0 Exception <a 'java/lang/InterruptedException'{0x00000000ed01fb20}: sleep interrupted> (0x00000000ed01fb20) 
thrown [s\open\src\hotspot\share\prims\jvm.cpp, line 3103]
Event: 1.874 Thread 0x000001b8f9e924b0 Exception <a 'java/lang/InterruptedException'{0x00000000ed16f298}: sleep interrupted> (0x00000000ed16f298) 
thrown [s\open\src\hotspot\share\prims\jvm.cpp, line 3103]
Event: 1.979 Thread 0x000001b8f9e90f70 Exception <a 'java/lang/InterruptedException'{0x00000000e443ded8}: sleep interrupted> (0x00000000e443ded8) 
thrown [s\open\src\hotspot\share\prims\jvm.cpp, line 3103]

VM Operations (13 events):
Event: 0.073 Executing VM operation: HandshakeAllThreads
Event: 0.073 Executing VM operation: HandshakeAllThreads done
Event: 0.587 Executing VM operation: G1CollectForAllocation
Event: 0.590 Executing VM operation: G1CollectForAllocation done
Event: 0.591 Executing VM operation: HandshakeAllThreads
Event: 0.591 Executing VM operation: HandshakeAllThreads done
Event: 0.669 Executing VM operation: G1CollectForAllocation
Event: 0.670 Executing VM operation: G1CollectForAllocation done
Event: 0.931 Executing VM operation: G1CollectForAllocation
Event: 0.933 Executing VM operation: G1CollectForAllocation done
Event: 1.948 Executing VM operation: Cleanup
Event: 1.948 Executing VM operation: Cleanup done
Event: 2.813 Executing VM operation: Exit

Events (20 events):
Event: 0.026 Thread 0x000001b8f9e70080 Thread added: 0x000001b8f9e70080
Event: 0.026 Thread 0x000001b8f9e71900 Thread added: 0x000001b8f9e71900
Event: 0.026 Thread 0x000001b8f9e87c50 Thread added: 0x000001b8f9e87c50
Event: 0.026 Thread 0x000001b8f9e939f0 Thread added: 0x000001b8f9e939f0
Event: 0.044 Thread 0x000001b8f9fa23d0 Thread added: 0x000001b8f9fa23d0
Event: 0.044 Thread 0x000001b8f9fa4960 Thread added: 0x000001b8f9fa4960
Event: 0.045 Thread 0x000001b8f9e914c0 Thread added: 0x000001b8f9e914c0
Event: 0.049 Thread 0x000001b8f9e91a10 Thread added: 0x000001b8f9e91a10
Event: 0.326 Thread 0x000001b8ff7e9790 Thread added: 0x000001b8ff7e9790
Event: 0.338 Thread 0x000001b8ff96bb80 Thread added: 0x000001b8ff96bb80
Event: 0.449 Thread 0x000001b8f9e91f60 Thread added: 0x000001b8f9e91f60
Event: 0.519 Thread 0x000001b8f9e924b0 Thread added: 0x000001b8f9e924b0
Event: 0.733 Thread 0x000001b8ff96bb80 Thread exited: 0x000001b8ff96bb80
Event: 0.736 Thread 0x000001b8f9e90f70 Thread added: 0x000001b8f9e90f70
Event: 1.795 Thread 0x000001b8ff7e9790 Thread exited: 0x000001b8ff7e9790
Event: 1.797 Thread 0x000001b8f9fa4960 Thread exited: 0x000001b8f9fa4960
Event: 1.875 Thread 0x000001b8f9e924b0 Thread exited: 0x000001b8f9e924b0
Event: 1.979 Thread 0x000001b8f9e90f70 Thread exited: 0x000001b8f9e90f70
Event: 2.810 Thread 0x000001b8f9e924b0 Thread added: 0x000001b8f9e924b0
Event: 2.812 Thread 0x000001b8f9e924b0 Thread exited: 0x000001b8f9e924b0


Dynamic libraries:
0x00007ff72b100000 - 0x00007ff72b110000 	C:\Program Files\Java\jdk-19\bin\javaw.exe
0x00007ffa47750000 - 0x00007ffa47967000 	C:\WINDOWS\SYSTEM32\ntdll.dll
0x00007ffa46070000 - 0x00007ffa46134000 	C:\WINDOWS\System32\KERNEL32.DLL
0x00007ffa44d80000 - 0x00007ffa4512d000 	C:\WINDOWS\System32\KERNELBASE.dll
0x00007ffa44c60000 - 0x00007ffa44d71000 	C:\WINDOWS\System32\ucrtbase.dll
0x00007ffa3ce40000 - 0x00007ffa3ce58000 	C:\Program Files\Java\jdk-19\bin\jli.dll
0x00007ffa45d20000 - 0x00007ffa45dd2000 	C:\WINDOWS\System32\ADVAPI32.dll
0x00007ffa31640000 - 0x00007ffa3165b000 	C:\Program Files\Java\jdk-19\bin\VCRUNTIME140.dll
0x00007ffa46950000 - 0x00007ffa469f7000 	C:\WINDOWS\System32\msvcrt.dll
0x00007ffa46a00000 - 0x00007ffa46aa9000 	C:\WINDOWS\System32\sechost.dll
0x00007ffa44a70000 - 0x00007ffa44a98000 	C:\WINDOWS\System32\bcrypt.dll
0x00007ffa45de0000 - 0x00007ffa45ef4000 	C:\WINDOWS\System32\RPCRT4.dll
0x00007ffa45630000 - 0x00007ffa457de000 	C:\WINDOWS\System32\USER32.dll
0x00007ffa44aa0000 - 0x00007ffa44ac6000 	C:\WINDOWS\System32\win32u.dll
0x00007ffa46af0000 - 0x00007ffa46b19000 	C:\WINDOWS\System32\GDI32.dll
0x00007ffa45360000 - 0x00007ffa45479000 	C:\WINDOWS\System32\gdi32full.dll
0x00007ffa34ad0000 - 0x00007ffa34d63000 	C:\WINDOWS\WinSxS\amd64_microsoft.windows.common-controls_6595b64144ccf1df_6.0.22621.3672_none_2713b9d173822955\COMCTL32.dll
0x00007ffa44ad0000 - 0x00007ffa44b6a000 	C:\WINDOWS\System32\msvcp_win.dll
0x00007ffa39c20000 - 0x00007ffa39c2a000 	C:\WINDOWS\SYSTEM32\VERSION.dll
0x00007ffa46ab0000 - 0x00007ffa46ae1000 	C:\WINDOWS\System32\IMM32.DLL
0x00007ffa3ce30000 - 0x00007ffa3ce3c000 	C:\Program Files\Java\jdk-19\bin\vcruntime140_1.dll
0x00007ffa315b0000 - 0x00007ffa3163e000 	C:\Program Files\Java\jdk-19\bin\msvcp140.dll
0x00007ff9d35a0000 - 0x00007ff9d4260000 	C:\Program Files\Java\jdk-19\bin\server\jvm.dll
0x00007ffa3bd60000 - 0x00007ffa3bd94000 	C:\WINDOWS\SYSTEM32\WINMM.dll
0x00007ff9c20e0000 - 0x00007ff9c20e9000 	C:\WINDOWS\SYSTEM32\WSOCK32.dll
0x00007ffa45560000 - 0x00007ffa455d1000 	C:\WINDOWS\System32\WS2_32.dll
0x00007ffa43b70000 - 0x00007ffa43b88000 	C:\WINDOWS\SYSTEM32\kernel.appcore.dll
0x00007ff9e35a0000 - 0x00007ff9e35aa000 	C:\Program Files\Java\jdk-19\bin\jimage.dll
0x00007ffa41e50000 - 0x00007ffa42082000 	C:\WINDOWS\SYSTEM32\DBGHELP.DLL
0x00007ffa465c0000 - 0x00007ffa4694e000 	C:\WINDOWS\System32\combase.dll
0x00007ffa45480000 - 0x00007ffa45557000 	C:\WINDOWS\System32\OLEAUT32.dll
0x00007ffa24e20000 - 0x00007ffa24e52000 	C:\WINDOWS\SYSTEM32\dbgcore.DLL
0x00007ffa44b70000 - 0x00007ffa44beb000 	C:\WINDOWS\System32\bcryptPrimitives.dll
0x00007ff9e1ea0000 - 0x00007ff9e1ec6000 	C:\Program Files\Java\jdk-19\bin\java.dll
0x00007ff9d4790000 - 0x00007ff9d4867000 	C:\Program Files\Java\jdk-19\bin\jsvml.dll
0x00007ffa46cb0000 - 0x00007ffa47517000 	C:\WINDOWS\System32\SHELL32.dll
0x00007ffa429b0000 - 0x00007ffa432af000 	C:\WINDOWS\SYSTEM32\windows.storage.dll
0x00007ffa42870000 - 0x00007ffa429af000 	C:\WINDOWS\SYSTEM32\wintypes.dll
0x00007ffa46b20000 - 0x00007ffa46c19000 	C:\WINDOWS\System32\SHCORE.dll
0x00007ffa45bb0000 - 0x00007ffa45c0e000 	C:\WINDOWS\System32\shlwapi.dll
0x00007ffa449a0000 - 0x00007ffa449c7000 	C:\WINDOWS\SYSTEM32\profapi.dll
0x00007ff9e1e80000 - 0x00007ff9e1e93000 	C:\Program Files\Java\jdk-19\bin\net.dll
0x00007ffa3f4c0000 - 0x00007ffa3f5f6000 	C:\WINDOWS\SYSTEM32\WINHTTP.dll
0x00007ffa43fd0000 - 0x00007ffa44039000 	C:\WINDOWS\system32\mswsock.dll
0x00007ff9d48a0000 - 0x00007ff9d48b6000 	C:\Program Files\Java\jdk-19\bin\nio.dll
0x00007ff9d4770000 - 0x00007ff9d4788000 	C:\Program Files\Java\jdk-19\bin\zip.dll
0x00007ff9e3590000 - 0x00007ff9e35a0000 	C:\Program Files\Java\jdk-19\bin\verify.dll
0x000001b8d37a0000 - 0x000001b8d37f3000 	C:\Users\Chris Combs\Desktop\OpencraftClient1\natives\lwjgl64.dll
0x00007ff9a36a0000 - 0x00007ff9a37a0000 	C:\WINDOWS\SYSTEM32\OPENGL32.dll
0x00007ff9a3670000 - 0x00007ff9a369d000 	C:\WINDOWS\SYSTEM32\GLU32.dll
0x00007ffa41d20000 - 0x00007ffa41d57000 	C:\WINDOWS\SYSTEM32\dxcore.dll
0x00007ffa36d80000 - 0x00007ffa36e3d000 	C:\WINDOWS\SYSTEM32\mscms.dll
0x00007ffa45c70000 - 0x00007ffa45d20000 	C:\WINDOWS\System32\clbcatq.dll
0x00007ffa31560000 - 0x00007ffa315ae000 	C:\Windows\System32\Windows.Internal.Graphics.Display.DisplayColorManagement.dll
0x00007ffa44780000 - 0x00007ffa447ce000 	C:\WINDOWS\SYSTEM32\cfgmgr32.dll
0x00007ffa416b0000 - 0x00007ffa41761000 	C:\WINDOWS\system32\uxtheme.dll
0x00007ffa475b0000 - 0x00007ffa4770e000 	C:\WINDOWS\System32\MSCTF.dll
0x00007ffa3f110000 - 0x00007ffa3f252000 	C:\Windows\System32\AppXDeploymentClient.dll
0x00007ff9756e0000 - 0x00007ff978384000 	C:\WINDOWS\System32\DriverStore\FileRepository\nvdd.inf_amd64_1aa3f5385e49ad2b\nvoglv64.dll
0x00007ffa46140000 - 0x00007ffa465b4000 	C:\WINDOWS\System32\SETUPAPI.dll
0x00007ffa459a0000 - 0x00007ffa45b45000 	C:\WINDOWS\System32\ole32.dll
0x00007ffa438e0000 - 0x00007ffa438f4000 	C:\WINDOWS\SYSTEM32\WTSAPI32.dll
0x00007ffa44710000 - 0x00007ffa44722000 	C:\WINDOWS\SYSTEM32\msasn1.dll
0x00007ffa38330000 - 0x00007ffa38362000 	C:\WINDOWS\SYSTEM32\cryptnet.dll
0x00007ffa451f0000 - 0x00007ffa45356000 	C:\WINDOWS\System32\CRYPT32.dll
0x00007ffa37ed0000 - 0x00007ffa38032000 	C:\WINDOWS\SYSTEM32\drvstore.dll
0x00007ffa44730000 - 0x00007ffa4475c000 	C:\WINDOWS\SYSTEM32\devobj.dll
0x00007ffa442c0000 - 0x00007ffa44309000 	C:\WINDOWS\SYSTEM32\wldp.dll
0x00007ffa441d0000 - 0x00007ffa441dc000 	C:\WINDOWS\SYSTEM32\cryptbase.dll
0x00007ffa44bf0000 - 0x00007ffa44c5b000 	C:\WINDOWS\System32\WINTRUST.dll
0x00007ffa43c80000 - 0x00007ffa43cb4000 	C:\WINDOWS\SYSTEM32\ntmarta.dll
0x00007ffa455e0000 - 0x00007ffa455ff000 	C:\WINDOWS\System32\imagehlp.dll
0x00007ffa44270000 - 0x00007ffa4428b000 	C:\WINDOWS\SYSTEM32\CRYPTSP.dll
0x00007ffa43ad0000 - 0x00007ffa43b05000 	C:\WINDOWS\system32\rsaenh.dll
0x00007ffa31720000 - 0x00007ffa3393e000 	C:\WINDOWS\System32\DriverStore\FileRepository\nvdd.inf_amd64_1aa3f5385e49ad2b\nvgpucomp64.dll
0x00007ffa419f0000 - 0x00007ffa41a1b000 	C:\WINDOWS\SYSTEM32\dwmapi.dll
0x00007ffa2f9b0000 - 0x00007ffa2faf3000 	C:\WINDOWS\SYSTEM32\textinputframework.dll
0x00007ffa3e610000 - 0x00007ffa3e743000 	C:\WINDOWS\SYSTEM32\CoreMessaging.dll
0x00007ffa39c80000 - 0x00007ffa39fed000 	C:\WINDOWS\SYSTEM32\CoreUIComponents.dll
0x00007ffa03ae0000 - 0x00007ffa03b2a000 	C:\WINDOWS\SYSTEM32\icm32.dll
0x00007ffa43900000 - 0x00007ffa4394d000 	C:\WINDOWS\SYSTEM32\powrprof.dll
0x00007ffa438c0000 - 0x00007ffa438d3000 	C:\WINDOWS\SYSTEM32\UMPDC.dll
0x00007ffa43500000 - 0x00007ffa43566000 	C:\WINDOWS\SYSTEM32\WINSTA.dll
0x00007ff9e8090000 - 0x00007ff9e8221000 	C:\Program Files\Java\jdk-19\bin\awt.dll
0x00007ffa3f600000 - 0x00007ffa3f697000 	C:\WINDOWS\SYSTEM32\apphelp.dll
0x00007ff9ea650000 - 0x00007ff9ea79e000 	C:\Users\Chris Combs\Desktop\OpencraftClient1\natives\freetype-jni-64.dll
0x00007ffa314b0000 - 0x00007ffa314db000 	C:\WINDOWS\SYSTEM32\VCRUNTIME140D.dll
0x00007ff9e7410000 - 0x00007ff9e762f000 	C:\WINDOWS\SYSTEM32\ucrtbased.dll
0x000001b8bf1d0000 - 0x000001b8bf234000 	C:\Users\Chris Combs\Desktop\OpencraftClient1\natives\OpenAL64.dll
0x00007ffa37060000 - 0x00007ffa370fe000 	C:\WINDOWS\System32\MMDevApi.dll
0x00007ffa300c0000 - 0x00007ffa30162000 	C:\WINDOWS\SYSTEM32\dsound.dll
0x00007ffa26790000 - 0x00007ffa267b9000 	C:\WINDOWS\SYSTEM32\winmmbase.dll
0x00007ffa0dc30000 - 0x00007ffa0dce1000 	C:\WINDOWS\SYSTEM32\ResampleDmo.DLL
0x00007ff9e6f30000 - 0x00007ff9e6f3b000 	C:\WINDOWS\SYSTEM32\msdmo.dll
0x00007ffa305d0000 - 0x00007ffa307bd000 	C:\WINDOWS\SYSTEM32\AUDIOSES.DLL
0x00007ffa42470000 - 0x00007ffa42485000 	C:\WINDOWS\SYSTEM32\resourcepolicyclient.dll
0x00007ff9d2c10000 - 0x00007ff9d3050000 	C:\Users\Chris Combs\AppData\Roaming\ow-electron\jilehohlakeokncafogkgnicgndeecdiengddbcc\packages\emifmpeaagaaglhaimndbhcpkjfmjhfnjjpoibdo\1.2.15\owe-client-x64.dll

dbghelp: loaded successfully - version: 4.0.5 - missing functions: none
symbol engine: initialized successfully - sym options: 0x614 - pdb path: .;C:\Program Files\Java\jdk-19\bin;C:\WINDOWS\SYSTEM32;C:\WINDOWS\WinSxS\amd64_microsoft.windows.common-controls_6595b64144ccf1df_6.0.22621.3672_none_2713b9d173822955;C:\Program Files\Java\jdk-19\bin\server;C:\Users\Chris Combs\Desktop\OpencraftClient1\natives;C:\WINDOWS\System32\DriverStore\FileRepository\nvdd.inf_amd64_1aa3f5385e49ad2b;C:\Users\Chris Combs\AppData\Roaming\ow-electron\jilehohlakeokncafogkgnicgndeecdiengddbcc\packages\emifmpeaagaaglhaimndbhcpkjfmjhfnjjpoibdo\1.2.15

VM Arguments:
jvm_args: -Djava.library.path=C:\Users\Chris Combs\Desktop\OpencraftClient1\natives -Dfile.encoding=UTF-8 -XX:+ShowCodeDetailsInExceptionMessages 
java_command: opencraft.Main
java_class_path (initial): C:\Users\Chris Combs\Desktop\OpencraftClient1\bin;C:\Users\Chris Combs\Desktop\OpencraftClient1\libs\AppleJavaExtensions.jar;C:\Users\Chris Combs\Desktop\OpencraftClient1\libs\asm-debug-all.jar;C:\Users\Chris Combs\Desktop\OpencraftClient1\libs\jinput.jar;C:\Users\Chris Combs\Desktop\OpencraftClient1\libs\laf-plugin-7.2.1.jar;C:\Users\Chris Combs\Desktop\OpencraftClient1\libs\laf-widget-7.2.1.jar;C:\Users\Chris Combs\Desktop\OpencraftClient1\libs\log4j-api-2.0-beta9.jar;C:\Users\Chris Combs\Desktop\OpencraftClient1\libs\lwjgl_test.jar;C:\Users\Chris Combs\Desktop\OpencraftClient1\libs\lwjgl_util_applet.jar;C:\Users\Chris Combs\Desktop\OpencraftClient1\libs\lwjgl_util.jar;C:\Users\Chris Combs\Desktop\OpencraftClient1\libs\lwjgl.jar;C:\Users\Chris Combs\Desktop\OpencraftClient1\libs\lwjgl-debug.jar;C:\Users\Chris Combs\Desktop\OpencraftClient1\libs\lzma.jar;C:\Users\Chris Combs\Desktop\OpencraftClient1\libs\substance-7.2.1.jar;C:\Users\Chris Combs\Desktop\OpencraftClient1\libs\trident-7.2.1.jar;C:\Users\Chris Combs\Desktop\OpencraftClient1\libs\slick-util.jar;C:\Users\Chris Combs\Desktop\OpencraftClient1\libs\TWL-LWJGL2.jar;C:\Users\Chris Combs\Desktop\OpencraftClient1\libs\freetype-jni.jar;C:\Users\Chris Combs\Desktop\OpencraftClient1\libs\guava-32.1.2-jre.jar;C:\Users\Chris Combs\Desktop\OpencraftClient1\libs\Paulscode-SoundSystem-2013.04.17.jar;C:\Users\Chris Combs\Desktop\OpencraftClient1\libs\java-openal-1.0.0.jar;C:\Users\Chris Combs\Desktop\OpencraftClient1\libs\jna-jpms-5.14.0.jar;C:\Users\Chris Combs\Desktop\OpencraftClient1\libs\lwjgl-freetype.jar;C:\Users\Chris Combs\Desktop\OpencraftClient1\libs\lwjgl-freetype-javadoc.jar;C:\Users\Chris Combs\Desktop\OpencraftClient1\libs\lwjgl-freetype-natives-linux.jar;C:\Users\Chris Combs\Desktop\OpencraftClient1\libs\lwjgl-freetype-natives-linux-arm32.jar;C:\Users\Chris Combs\Desktop\OpencraftClient1\libs\lwjgl-freetype-natives-linux-arm64.jar;C:\Users\Chris Combs\Desktop\OpencraftClient1\libs\lwjgl-freetype-natives-linux-ppc64le.jar;C:\Users\Chris Combs\Desktop\OpencraftClient1\libs\lwjgl-freetype-natives-linux-riscv64.jar;C:\Users\Chris Combs\Desktop\OpencraftClient1\libs\lwjgl-freetype-natives-macos.jar;C:\Users\Chris Combs\Desktop\OpencraftClient1\libs\lwjgl-freetype-natives-macos-arm64.jar;C:\Users\Chris Combs\Desktop\OpencraftClient1\libs\lwjgl-freetype-natives-windows.jar;C:\Users\Chris Combs\Desktop\OpencraftClient1\libs\lwjgl-freetype-natives-windows-arm64.jar;C:\Users\Chris Combs\Desktop\OpencraftClient1\libs\lwjgl-freetype-natives-windows-x86.jar;C:\Users\Chris Combs\Desktop\OpencraftClient1\libs\lwjgl-freetype-sources.jar
Launcher Type: SUN_STANDARD

[Global flags]
     intx CICompilerCount                          = 12                                        {product} {ergonomic}
     uint ConcGCThreads                            = 5                                         {product} {ergonomic}
     uint G1ConcRefinementThreads                  = 18                                        {product} {ergonomic}
   size_t G1HeapRegionSize                         = 16777216                                  {product} {ergonomic}
    uintx GCDrainStackTargetSize                   = 64                                        {product} {ergonomic}
   size_t InitialHeapSize                          = 2147483648                                {product} {ergonomic}
   size_t MarkStackSize                            = 4194304                                   {product} {ergonomic}
   size_t MaxHeapSize                              = 31675383808                               {product} {ergonomic}
   size_t MaxNewSize                               = 18991808512                               {product} {ergonomic}
   size_t MinHeapDeltaBytes                        = 16777216                                  {product} {ergonomic}
   size_t MinHeapSize                              = 16777216                                  {product} {ergonomic}
    uintx NonNMethodCodeHeapSize                   = 7602480                                {pd product} {ergonomic}
    uintx NonProfiledCodeHeapSize                  = 122027880                              {pd product} {ergonomic}
    uintx ProfiledCodeHeapSize                     = 122027880                              {pd product} {ergonomic}
    uintx ReservedCodeCacheSize                    = 251658240                              {pd product} {ergonomic}
     bool SegmentedCodeCache                       = true                                      {product} {ergonomic}
     bool ShowCodeDetailsInExceptionMessages       = true                                   {manageable} {command line}
   size_t SoftMaxHeapSize                          = 31675383808                            {manageable} {ergonomic}
     bool UseCompressedClassPointers               = true                           {product lp64_product} {ergonomic}
     bool UseCompressedOops                        = true                           {product lp64_product} {ergonomic}
     bool UseG1GC                                  = true                                      {product} {ergonomic}
     bool UseLargePagesIndividualAllocation        = false                                  {pd product} {ergonomic}

Logging:
Log output configuration:
 #0: stdout all=off uptime,level,tags foldmultilines=false
 #1: stderr all=off uptime,level,tags foldmultilines=false

Environment Variables:
PATH=C:/Program Files/Java/jdk-19/bin/server;C:/Program Files/Java/jdk-19/bin;C:\Program Files\Volta\;C:\Program Files (x86)\SCE\Prospero SDKs\2.000\host_tools\bin;C:\Program Files (x86)\SCE\ORBIS SDKs\8.000\host_tools\bin;C:\Program Files (x86)\SCE\ORBIS\Tools\Publishing Tools\bin;C:\Program Files (x86)\SCE\ORBIS\Tools\Target Manager Server\bin;C:\Program Files (x86)\SCE\Prospero\Tools\Publishing Tools\bin;C:\Program Files (x86)\SCE\Prospero\Tools\Target Manager Server\bin;C:\Program Files (x86)\SCE\Common\SceVSI-VS16\bin;C:\Program Files\Zulu\zulu-21\bin\;C:\VulkanSDK\1.3.268.0\Bin;C:\usr\local\cell\host-win32\spu\bin;C:\usr\local\cell\host-win32\ppu\bin;C:\usr\local\cell\host-win32\sn\bin;C:\usr\local\cell\host-win32\bin;C:\usr\local\cell\host-win32\Cg\bin;C:\Program Files (x86)\SN Systems\PS3\bin;C:\VulkanSDK\1.3.261.0v2\Bin;C:\VulkanSDK\1.3.261.0\Bin;C:\Ruby32-x64\bin;C:\Program Files (x86)\Razer Chroma SDK\bin;C:\Program Files\Razer Chroma SDK\bin;C:\Program Files\Oculus\Support\oculus-runtime;C:\Program Files\Common Files\Oracle\Java\javapath;C:\Program Files (x86)\Common Files\Oracle\Java\javapath;C:\Program Files (x86)\Razer\ChromaBroadcast\bin;C:\Program Files\Razer\ChromaBroadcast\bin;C:\WINDOWS\system32;C:\WINDOWS;C:\WINDOWS\System32\Wbem;C:\WINDOWS\System32\WindowsPowerShell\v1.0\;C:\WINDOWS\System32\OpenSSH\;C:\WINDOWS\system32\config\systemprofile\AppData\Local\Microsoft\WindowsApps;C:\Program Files\Microsoft SQL Server\130\Tools\Binn\;C:\Program Files\Microsoft SQL Server\Client SDK\ODBC\170\Tools\Binn\;C:\Program Files\dotnet\;C:\Program Files\WorldPainter;C:\Program Files\Git\cmd;C:\Users\Chris Combs\AppData\Local\bin\NASM;C:\mingw64\bin;C:\Program Files\Microsoft SQL Server\150\Tools\Binn\;C:\Strawberry\c\bin;C:\Strawberry\perl\site\bin;C:\Strawberry\perl\bin;C:\Program Files (x86)\Microsoft SQL Server\100\Tools\Binn\;C:\Program Files\Microsoft SQL Server\100\Tools\Binn\;C:\Program Files\Microsoft SQL Server\100\DTS\Binn\;C:\Program Files (x86)\GtkSharp\2.12\bin;C:\Program Files\nodejs\;C:\Users\Chris Combs\AppData\Local\Volta\bin;C:\Users\Chris Combs\AppData\Local\Microsoft\WindowsApps;C:\Users\Chris Combs\AppData\Local\atom\bin;C:\Users\Chris Combs\.dotnet\tools;C:\Users\Chris Combs\AppData\Local\GitHubDesktop\bin;C:\Users\Chris Combs\AppData\Local\Programs\Fiddler;C:\Users\Chris Combs\AppData\Local\Programs\Microsoft VS Code\bin;C:\Users\Chris Combs\AppData\Roaming\npm;C:\WINDOWS\system32;
USERNAME=Chris Combs
OS=Windows_NT
PROCESSOR_IDENTIFIER=Intel64 Family 6 Model 151 Stepping 2, GenuineIntel
TMP=C:\Users\CHRISC~1\AppData\Local\Temp
TEMP=C:\Users\CHRISC~1\AppData\Local\Temp



---------------  S Y S T E M  ---------------

OS:
 Windows 11 , 64 bit Build 22621 (10.0.22621.3958)
OS uptime: 0 days 13:44 hours
Hyper-V role detected

CPU: total 24 (initial active 24) (12 cores per cpu, 2 threads per core) family 6 model 151 stepping 2 microcode 0x36, cx8, cmov, fxsr, ht, mmx, 3dnowpref, sse, sse2, sse3, ssse3, sse4.1, sse4.2, popcnt, lzcnt, tsc, tscinvbit, avx, avx2, aes, erms, clmul, bmi1, bmi2, adx, sha, fma, vzeroupper, clflush, clflushopt, clwb, hv, serialize, rdtscp, rdpid, fsrm

Memory: 4k page, system-wide physical 130863M (108179M free)
TotalPageFile size 261935M (AvailPageFile size 235022M)
current process WorkingSet (physical memory assigned to process): 1345M, peak: 1345M
current process commit charge ("private bytes"): 2417M, peak: 2419M

vm_info: Java HotSpot(TM) 64-Bit Server VM (19.0.2+7-44) for windows-amd64 JRE (19.0.2+7-44), built on 2022-11-30T18:02:09Z by "mach5one" with MS VC++ 17.1 (VS2022)

END.
